error: invalid #[override_key("...")] form â€” use #[override_key = "..."] instead
 --> tests/errors/invalid_syntax_parentheses.rs:6:5
  |
6 |     #[override_key("iproyal.endpoint")]
  |     ^^^^^^^^^^^^^^^^^^^^^^^^^^^^^^^^^^^
